Base: 1938 solids, 290 recesses; 40 households, option solids {'sash_partial': 744, 'sash_full': 1000, 'ac_bracket': 280, 'ac_unit': 200}.
{
  "panels": [
    {
      "id": 0,
      "name": "front",
      "origin": [
        -51.5,
        -53.75
      ],
      "tangent": [
        1.0,
        0.0
      ],
      "normal": [
        0.0,
        -1.0
      ],
      "width": 103.0,
      "start": -250.3,
      "matrix": [
        [
          1.0,
          0.0,
          0.0,
          -198.8
        ],
        [
          0.0,
          0.0,
          1.0,
          -2.4
        ],
        [
          0.0,
          -1.0,
          0.0,
          -51.55
        ]
      ]
    },
    {
      "id": 1,
      "name": "right_front",
      "origin": [
        51.5,
        -53.75
      ],
      "tangent": [
        0.0,
        1.0
      ],
      "normal": [
        1.0,
        -0.0
      ],
      "width": 44.0,
      "start": -145.70000000000002,
      "matrix": [
        [
          0.0,
          1.0,
          0.0,
          -91.95000000000002
        ],
        [
          0.0,
          0.0,
          1.0,
          -2.4
        ],
        [
          1.0,
          -0.0,
          0.0,
          -49.3
        ]
      ]
    },
    {
      "id": 2,
      "name": "right_front_return",
      "origin": [
        51.5,
        -9.75
      ],
      "tangent": [
        -1.0,
        0.0
      ],
      "normal": [
        0.0,
        1.0
      ],
      "width": 23.0,
      "start": -100.10000000000002,
      "matrix": [
        [
          -1.0,
          0.0,
          0.0,
          -48.60000000000002
        ],
        [
          0.0,
          0.0,
          1.0,
          -2.4
        ],
        [
          0.0,
          1.0,
          0.0,
          11.95
        ]
      ]
    },
    {
      "id": 3,
      "name": "right_core",
      "origin": [
        28.5,
        -9.75
      ],
      "tangent": [
        0.0,
        1.0
      ],
      "normal": [
        1.0,
        -0.0
      ],
      "width": 12.0,
      "start": -75.50000000000003,
      "matrix": [
        [
          0.0,
          1.0,
          0.0,
          -65.75000000000003
        ],
        [
          0.0,
          0.0,
          1.0,
          -2.4
        ],
        [
          1.0,
          -0.0,
          0.0,
          -26.3
        ]
      ]
    },
    {
      "id": 4,
      "name": "right_rear_return",
      "origin": [
        28.5,
        2.25
      ],
      "tangent": [
        1.0,
        0.0
      ],
      "normal": [
        0.0,
        -1.0
      ],
      "width": 15.5,
      "start": -61.900000000000034,
      "matrix": [
        [
          1.0,
          0.0,
          0.0,
          -90.40000000000003
        ],
        [
          0.0,
          0.0,
          1.0,
          -2.4
        ],
        [
          0.0,
          -1.0,
          0.0,
          4.45
        ]
      ]
    },
    {
      "id": 5,
      "name": "right_rear",
      "origin": [
        44.0,
        2.25
      ],
      "tangent": [
        0.0,
        1.0
      ],
      "normal": [
        1.0,
        -0.0
      ],
      "width": 51.5,
      "start": -44.80000000000004,
      "matrix": [
        [
          0.0,
          1.0,
          0.0,
          -47.05000000000004
        ],
        [
          0.0,
          0.0,
          1.0,
          -2.4
        ],
        [
          1.0,
          -0.0,
          0.0,
          -41.8
        ]
      ]
    },
    {
      "id": 6,
      "name": "back",
      "origin": [
        44.0,
        53.75
      ],
      "tangent": [
        -1.0,
        0.0
      ],
      "normal": [
        0.0,
        1.0
      ],
      "width": 88.0,
      "start": 8.299999999999955,
      "matrix": [
        [
          -1.0,
          0.0,
          0.0,
          52.299999999999955
        ],
        [
          0.0,
          0.0,
          1.0,
          -2.4
        ],
        [
          0.0,
          1.0,
          0.0,
          -51.55
        ]
      ]
    },
    {
      "id": 7,
      "name": "left_rear",
      "origin": [
        -44.0,
        53.75
      ],
      "tangent": [
        0.0,
        -1.0
      ],
      "normal": [
        -1.0,
        -0.0
      ],
      "width": 51.5,
      "start": 97.89999999999992,
      "matrix": [
        [
          0.0,
          -1.0,
          0.0,
          151.64999999999992
        ],
        [
          0.0,
          0.0,
          1.0,
          -2.4
        ],
        [
          -1.0,
          -0.0,
          0.0,
          -41.8
        ]
      ]
    },
    {
      "id": 8,
      "name": "left_rear_return",
      "origin": [
        -44.0,
        2.25
      ],
      "tangent": [
        1.0,
        0.0
      ],
      "normal": [
        0.0,
        -1.0
      ],
      "width": 15.5,
      "start": 150.99999999999994,
      "matrix": [
        [
          1.0,
          0.0,
          0.0,
          194.99999999999994
        ],
        [
          0.0,
          0.0,
          1.0,
          -2.4
        ],
        [
          0.0,
          -1.0,
          0.0,
          4.45
        ]
      ]
    },
    {
      "id": 9,
      "name": "left_core",
      "origin": [
        -28.5,
        2.25
      ],
      "tangent": [
        0.0,
        -1.0
      ],
      "normal": [
        -1.0,
        -0.0
      ],
      "width": 12.0,
      "start": 168.09999999999997,
      "matrix": [
        [
          0.0,
          -1.0,
          0.0,
          170.34999999999997
        ],
        [
          0.0,
          0.0,
          1.0,
          -2.4
        ],
        [
          -1.0,
          -0.0,
          0.0,
          -26.3
        ]
      ]
    },
    {
      "id": 10,
      "name": "left_front_return",
      "origin": [
        -28.5,
        -9.75
      ],
      "tangent": [
        -1.0,
        0.0
      ],
      "normal": [
        0.0,
        1.0
      ],
      "width": 23.0,
      "start": 181.7,
      "matrix": [
        [
          -1.0,
          0.0,
          0.0,
          153.2
        ],
        [
          0.0,
          0.0,
          1.0,
          -2.4
        ],
        [
          0.0,
          1.0,
          0.0,
          11.95
        ]
      ]
    },
    {
      "id": 11,
      "name": "left_front",
      "origin": [
        -51.5,
        -9.75
      ],
      "tangent": [
        0.0,
        -1.0
      ],
      "normal": [
        -1.0,
        -0.0
      ],
      "width": 44.0,
      "start": 206.3,
      "matrix": [
        [
          0.0,
          -1.0,
          0.0,
          196.55
        ],
        [
          0.0,
          0.0,
          1.0,
          -2.4
        ],
        [
          -1.0,
          -0.0,
          0.0,
          -49.3
        ]
      ]
    }
  ],
  "panelOrder": [
    "front",
    "right_front",
    "right_front_return",
    "right_core",
    "right_rear_return",
    "right_rear",
    "back",
    "left_rear",
    "left_rear_return",
    "left_core",
    "left_front_return",
    "left_front"
  ],
  "panelWidths": [
    103.0,
    44.0,
    23.0,
    12.0,
    15.5,
    51.5,
    88.0,
    51.5,
    15.5,
    12.0,
    23.0,
    44.0
  ],
  "panelThickness": 2.2,
  "hingeSkin": 0.45,
  "hingeGap": 1.6,
  "facadeHeight": 153.4,
  "totalWidth": 500.6,
  "folds": 11,
  "foldAngles": [
    90,
    90,
    -90,
    -90,
    90,
    90,
    90,
    90,
    -90,
    -90,
    90
  ],
  "preservedAttachmentCount": 5552,
  "maxVolumeDelta": 5.4569682106375694e-12,
  "householdPanelIds": {
    "01-A": [
      0,
      11
    ],
    "01-B": [
      0,
      1
    ],
    "01-C": [
      7
    ],
    "01-D": [
      5
    ],
    "02-A": [
      0,
      11
    ],
    "02-B": [
      0,
      1
    ],
    "02-C": [
      7
    ],
    "02-D": [
      5
    ],
    "03-A": [
      0,
      11
    ],
    "03-B": [
      0,
      1
    ],
    "03-C": [
      7
    ],
    "03-D": [
      5
    ],
    "04-A": [
      0,
      11
    ],
    "04-B": [
      0,
      1
    ],
    "04-C": [
      7
    ],
    "04-D": [
      5
    ],
    "05-A": [
      0,
      11
    ],
    "05-B": [
      0,
      1
    ],
    "05-C": [
      7
    ],
    "05-D": [
      5
    ],
    "06-A": [
      0,
      11
    ],
    "06-B": [
      0,
      1
    ],
    "06-C": [
      7
    ],
    "06-D": [
      5
    ],
    "07-A": [
      0,
      11
    ],
    "07-B": [
      0,
      1
    ],
    "07-C": [
      7
    ],
    "07-D": [
      5
    ],
    "08-A": [
      0,
      11
    ],
    "08-B": [
      0,
      1
    ],
    "08-C": [
      7
    ],
    "08-D": [
      5
    ],
    "09-A": [
      0,
      11
    ],
    "09-B": [
      0,
      1
    ],
    "09-C": [
      7
    ],
    "09-D": [
      5
    ],
    "10-A": [
      0,
      11
    ],
    "10-B": [
      0,
      1
    ],
    "10-C": [
      7
    ],
    "10-D": [
      5
    ]
  }
}
{'file': 'jugong-depth-unfold.stl', 'dimensions_mm': [500.6, 153.48, 26.9], 'triangles': 109186, 'watertight': True, 'connected_bodies': 1, 'file_bytes': 5459384}
